
<!DOCTYPE html>
<html lang="en">
  <head>
    <title>My amazing blog</title>
    <meta charset="UTF-8"/>
    <meta name="description" content="wow, nice"/>
  </head>
  <body>
    <nav role="navigation">
      <div>
        <h1>Budding Gopher's blog</h1>
        <ul>
          <li><a href="/">home</a></li>
          <li><a href="about">about</a></li>
          <li><a href="archive">archive</a></li>
        </ul>
      </div>
    </nav>
    <main>
      
<h1>hello</h1>

<p>Desc</p>

<p>This is me</p>


Tags: <ul><li>go</li><li>tdd</li></ul>

</main>
<footer>
  <ul>
    <li><a href="https://github.com/juaoose">Github</a></li>
  </ul>
</footer>
</body>
</html>
